// Jest Snapshot v1, https://goo.gl/fbAQLP

exports[`Popover styled components S.Popover matches snapshot default 1`] = `
<View
  arrowStyle={
    Object {
      "backgroundColor": "transparent",
    }
  }
  backgroundStyle={
    Object {
      "backgroundColor": "transparent",
    }
  }
  popoverStyle={
    Object {
      "borderRadius": 4,
      "elevation": 2,
      "overflow": "visible",
      "shadowColor": undefined,
      "shadowOffset": Object {
        "height": 3,
        "width": 0,
      },
      "shadowOpacity": 0.27,
      "shadowRadius": 4.65,
    }
  }
  style={
    Array [
      Object {},
    ]
  }
>
  <View />
</View>
`;
