// Jest Snapshot v1, https://goo.gl/fbAQLP

exports[`ConfirmModal container renders correctly default 1`] = `
<ConfirmModalComponent
  body={
    Array [
      Object {
        "id": "test_body_1",
      },
      Object {
        "id": "test_body_1",
      },
    ]
  }
  confirm={
    Object {
      "id": "test_confirm_id",
    }
  }
  confirmAction={
    Object {
      "type": "Test action",
    }
  }
  dismiss={
    Object {
      "id": "test_dismiss_id",
    }
  }
  dispatch={[MockFunction]}
  isVisible={true}
  onCloseModal={[MockFunction]}
  onDestroyModal={[MockFunction]}
  onModalHide={[Function]}
  onShouldConfirm={[Function]}
  store={
    Object {
      "clearActions": [Function],
      "dispatch": [MockFunction],
      "getActions": [Function],
      "getState": [Function],
      "replaceReducer": [Function],
      "subscribe": [Function],
    }
  }
  theme={
    Object {
      "colors": null,
      "fonts": null,
      "sizes": null,
      "type": "Mocked theme",
    }
  }
  title={
    Object {
      "id": "test_title_id",
    }
  }
/>
`;
