// Jest Snapshot v1, https://goo.gl/fbAQLP

exports[`yup translation ids match snapshot 1`] = `
Object {
  "mixed": Object {
    "required": Object {
      "id": "yup.mixed.required",
    },
  },
  "string": Object {
    "max": [Function],
  },
}
`;

exports[`yup translation ids string.max 1`] = `
Object {
  "id": "yup.string.max",
  "values": Object {
    "max": 300,
  },
}
`;
