// Jest Snapshot v1, https://goo.gl/fbAQLP

exports[`ModalText styled components S.Text matches snapshot default 1`] = `
<Text
  style={
    Array [
      Object {
        "color": "#000000",
        "fontSize": 14,
        "lineHeight": 20,
        "marginBottom": 8,
      },
    ]
  }
>
  Test text
</Text>
`;
