// Jest Snapshot v1, https://goo.gl/fbAQLP

exports[`InitialScreen useContainer hook matches snapshot 1`] = `
Object {
  "navigation": Object {
    "navigate": [MockFunction] {
      "calls": Array [
        Array [
          "Home",
        ],
      ],
      "results": Array [
        Object {
          "type": "return",
          "value": undefined,
        },
      ],
    },
  },
}
`;
