// Jest Snapshot v1, https://goo.gl/fbAQLP

exports[`AppNavigator component renders correctly 1`] = `
<ForwardRef(NavigationContainer)>
  <StackNavigator>
    <Screen
      component={[Function]}
      name="Initial"
    />
    <Screen
      component={[Function]}
      name="Home"
    />
    <Screen
      component={[Function]}
      name="Stubs"
    />
    <Screen
      component={[Function]}
      key="Splash screen"
      name="Splash screen"
    />
  </StackNavigator>
</ForwardRef(NavigationContainer)>
`;
