// Jest Snapshot v1, https://goo.gl/fbAQLP

exports[`IcoMoonIcon component renders correctly 1`] = `
<Text
  allowFontScaling={false}
  style={
    Array [
      Object {
        "color": undefined,
        "fontSize": 12,
      },
      undefined,
      Object {
        "fontFamily": "icomoon",
        "fontStyle": "normal",
        "fontWeight": "normal",
      },
      Object {},
    ]
  }
>
  
</Text>
`;
