// Jest Snapshot v1, https://goo.gl/fbAQLP

exports[`Picker container renders correctly default 1`] = `
<PickerComponent
  intl={
    Object {
      "formatMessage": [Function],
    }
  }
  isOpen={false}
  label="label1"
  onPickerToggle={[Function]}
  onValueChange={[Function]}
  options={
    Array [
      Object {
        "key": "key0",
        "label": "label0",
        "value": "value0",
      },
      Object {
        "key": "key1",
        "label": "label1",
        "value": "value1",
      },
    ]
  }
  selectedValue="value1"
  theme={
    Object {
      "colors": null,
      "fonts": null,
      "sizes": null,
      "type": "Mocked theme",
    }
  }
/>
`;
