// Jest Snapshot v1, https://goo.gl/fbAQLP

exports[`Button container renders correctly default 1`] = `
<Styled(Component)
  disabled={false}
  fillColor="[mocked blue200]"
  isBorder={false}
  isMarginBottom={false}
  isMarginRight={false}
  isOutline={false}
  isSmallHeight={false}
  isSmallWidth={false}
  onPress={[MockFunction]}
>
  <Styled(Text)
    fillColor="[mocked blue200]"
    isOutline={false}
  >
    <Text>
      Test Child
    </Text>
  </Styled(Text)>
</Styled(Component)>
`;
