// Jest Snapshot v1, https://goo.gl/fbAQLP

exports[`AppModule component renders correctly 1`] = `
<Component
  theme={
    Object {
      "colors": Object {
        "black": "#000000",
        "white": "#ffffff",
      },
      "fonts": Object {},
      "sizes": Object {},
    }
  }
>
  <SafeAreaProvider>
    <_default />
    <ModalRoot />
  </SafeAreaProvider>
</Component>
`;
