// Jest Snapshot v1, https://goo.gl/fbAQLP

exports[`useInputState custom hook matches snapshot 1`] = `
Object {
  "actionWidth": 0,
  "getErrorData": [Function],
  "isFocused": false,
  "onActionRendered": [Function],
  "onBlur": [Function],
  "onFocus": [Function],
  "setActionWidth": [Function],
  "setIsFocused": [Function],
}
`;
